ticker,momentum,percent_positive_returns,percent_negative_returns,sgn_pret,fips
AAPL,0.09046052631578871,0.5420560747663551,0.4485981308411215,1,-0.0934579439252336
MSFT,0.4149649010848748,0.5327102803738317,0.45794392523364486,1,-0.07476635514018687
